// Jest Snapshot v1, https://goo.gl/fbAQLP

exports[`matches snapshot 1`] = `
<header
  className="centerFlex headerContainer"
>
  <h1
    className="header pause"
  >
    biscuit
  </h1>
</header>
`;
